┌ Warning: Expected key "git-tree-sha1" to exist in registry TOML file at "/home/ais2t/aleoputra/.julia/registries/Manifest.toml"
└ @ Pkg.Registry /scratch/htc/aleoputra/julia-1.12.6/share/julia/stdlib/v1.12/Pkg/src/Registry/registry_instance.jl:418
┌ Warning: Expected key "git-tree-sha1" to exist in registry TOML file at "/home/ais2t/aleoputra/.julia/registries/Manifest.toml"
└ @ Pkg.Registry /scratch/htc/aleoputra/julia-1.12.6/share/julia/stdlib/v1.12/Pkg/src/Registry/registry_instance.jl:418
┌ Info: sysimage warmup
│   instances =
│    3-element Vector{SubString{String}}:
│     "neos5"
│     ⋮
│   configs =
│    7-element Vector{String}:
│     "euc.cfg"
│     ⋮
└   timelimit = "30"
┌ Info: warmup ok
│   instance = "neos5"
│   cfg = "euc.cfg"
└   verbose = "1"
┌ Info: warmup ok
│   instance = "neos5"
│   cfg = "euc.cfg"
└   verbose = "2"
┌ Info: warmup ok
│   instance = "neos5"
│   cfg = "fpfw.cfg"
└   verbose = "1"
┌ Info: warmup ok
│   instance = "neos5"
│   cfg = "fpfw.cfg"
└   verbose = "2"
┌ Info: warmup ok
│   instance = "neos5"
│   cfg = "run1.cfg"
└   verbose = "1"
┌ Info: warmup ok
│   instance = "neos5"
│   cfg = "run1.cfg"
└   verbose = "2"
┌ Info: warmup ok
│   instance = "neos5"
│   cfg = "run2.cfg"
└   verbose = "1"
┌ Info: warmup ok
│   instance = "neos5"
│   cfg = "run2.cfg"
└   verbose = "2"
┌ Info: warmup ok
│   instance = "neos5"
│   cfg = "run3.cfg"
└   verbose = "1"
┌ Info: warmup ok
│   instance = "neos5"
│   cfg = "run3.cfg"
└   verbose = "2"
┌ Info: warmup ok
│   instance = "neos5"
│   cfg = "run4.cfg"
└   verbose = "1"
┌ Info: warmup ok
│   instance = "neos5"
│   cfg = "run4.cfg"
└   verbose = "2"
┌ Info: warmup ok
│   instance = "neos5"
│   cfg = "run5.cfg"
└   verbose = "1"
┌ Info: warmup ok
│   instance = "neos5"
│   cfg = "run5.cfg"
└   verbose = "2"
┌ Info: warmup ok
│   instance = "gen-ip002"
│   cfg = "euc.cfg"
└   verbose = "1"
┌ Info: warmup ok
│   instance = "gen-ip002"
│   cfg = "euc.cfg"
└   verbose = "2"
┌ Info: warmup ok
│   instance = "gen-ip002"
│   cfg = "fpfw.cfg"
└   verbose = "1"
┌ Info: warmup ok
│   instance = "gen-ip002"
│   cfg = "fpfw.cfg"
└   verbose = "2"
┌ Info: warmup ok
│   instance = "gen-ip002"
│   cfg = "run1.cfg"
└   verbose = "1"
┌ Info: warmup ok
│   instance = "gen-ip002"
│   cfg = "run1.cfg"
└   verbose = "2"
┌ Info: warmup ok
│   instance = "gen-ip002"
│   cfg = "run2.cfg"
└   verbose = "1"
┌ Info: warmup ok
│   instance = "gen-ip002"
│   cfg = "run2.cfg"
└   verbose = "2"
┌ Info: warmup ok
│   instance = "gen-ip002"
│   cfg = "run3.cfg"
└   verbose = "1"
┌ Info: warmup ok
│   instance = "gen-ip002"
│   cfg = "run3.cfg"
└   verbose = "2"
┌ Info: warmup ok
│   instance = "gen-ip002"
│   cfg = "run4.cfg"
└   verbose = "1"
┌ Info: warmup ok
│   instance = "gen-ip002"
│   cfg = "run4.cfg"
└   verbose = "2"
┌ Info: warmup ok
│   instance = "gen-ip002"
│   cfg = "run5.cfg"
└   verbose = "1"
┌ Info: warmup ok
│   instance = "gen-ip002"
│   cfg = "run5.cfg"
└   verbose = "2"
┌ Info: warmup ok
│   instance = "30n20b8"
│   cfg = "euc.cfg"
└   verbose = "1"
┌ Info: warmup ok
│   instance = "30n20b8"
│   cfg = "euc.cfg"
└   verbose = "2"
┌ Info: warmup ok
│   instance = "30n20b8"
│   cfg = "fpfw.cfg"
└   verbose = "1"
┌ Info: warmup ok
│   instance = "30n20b8"
│   cfg = "fpfw.cfg"
└   verbose = "2"
┌ Info: warmup ok
│   instance = "30n20b8"
│   cfg = "run1.cfg"
└   verbose = "1"
┌ Info: warmup ok
│   instance = "30n20b8"
│   cfg = "run1.cfg"
└   verbose = "2"
┌ Info: warmup ok
│   instance = "30n20b8"
│   cfg = "run2.cfg"
└   verbose = "1"
┌ Info: warmup ok
│   instance = "30n20b8"
│   cfg = "run2.cfg"
└   verbose = "2"
┌ Info: warmup ok
│   instance = "30n20b8"
│   cfg = "run3.cfg"
└   verbose = "1"
┌ Info: warmup ok
│   instance = "30n20b8"
│   cfg = "run3.cfg"
└   verbose = "2"
┌ Info: warmup ok
│   instance = "30n20b8"
│   cfg = "run4.cfg"
└   verbose = "1"
┌ Info: warmup ok
│   instance = "30n20b8"
│   cfg = "run4.cfg"
└   verbose = "2"
┌ Info: warmup ok
│   instance = "30n20b8"
│   cfg = "run5.cfg"
└   verbose = "1"
┌ Info: warmup ok
│   instance = "30n20b8"
│   cfg = "run5.cfg"
└   verbose = "2"
[ Info: sysimage warmup done
┌ Info: building FP-FW sysimage
│   project = "/home/htc/aleoputra/project/FPmeetsFW/"
└   output = "/home/htc/aleoputra/project/FPmeetsFW/fpfw_sysimage.so"
┌ Warning: Expected key "git-tree-sha1" to exist in registry TOML file at "/home/ais2t/aleoputra/.julia/registries/Manifest.toml"
└ @ Pkg.Registry /scratch/htc/aleoputra/julia-1.12.6/share/julia/stdlib/v1.12/Pkg/src/Registry/registry_instance.jl:418
┌ Warning: Expected key "git-tree-sha1" to exist in registry TOML file at "/home/ais2t/aleoputra/.julia/registries/Manifest.toml"
└ @ Pkg.Registry /scratch/htc/aleoputra/julia-1.12.6/share/julia/stdlib/v1.12/Pkg/src/Registry/registry_instance.jl:418
[ Info: PackageCompiler: Executing /home/htc/aleoputra/project/FPmeetsFW/scripts/sysimage/warmup.jl => /tmp/jl_packagecompiler_trCOpm/jl_czfoDp
[ Info: PackageCompiler: Done
- PackageCompiler: compiling incremental system image
┌ Info: sysimage written
└   OUT = "/home/htc/aleoputra/project/FPmeetsFW/fpfw_sysimage.so"
/home/htc/aleoputra/project/FPmeetsFW/fpfw_sysimage.so
